$ sudo snap info docker
[sudo] password for mocc: 
name:      docker
summary:   The docker app deployment mechanism
publisher: Docker, Inc (docker-inc)
contact:   snappy-devel@lists.ubuntu.com
license:   Apache-2.0
description: |
  Docker for snappy.
  
  This snap allows you to use the full capabilities of docker on snappy.
  
  In order to use 'docker build', 'docker save' and 'docker load', you need to place your dockerfile
  within $HOME. All files that you want docker to access to must be within this path.
  
  You may also use the 'docker-privilege' command to allow you to use 'docker run --privileged'.
  Because docker is unencumbered on snappy, it is recommended that you follow the Docker project's
  recommendations for using docker securely.
snap-id: sLCsFAO8PKM5Z0fAKNszUOX0YASjQfeZ
channels:                                         
  stable:          18.06.1-ce   (321) 102MB - 
  candidate:       18.06.1-ce   (321) 102MB - 
  beta:            18.06.1-ce   (321) 102MB - 
  edge:            17.03.1-ce-1 (333) 38MB  - 
  17.09/stable:    –                          
  17.09/candidate: 17.09.1-ce   (232) 44MB  - 
  17.09/beta:      17.09.1-ce   (232) 44MB  - 
  17.09/edge:      17.09.1-ce   (232) 44MB  - 
  17.06/stable:    17.06.2-ce   (179) 43MB  - 
  17.06/candidate: 17.06.2-ce   (179) 43MB  - 
  17.06/beta:      ↑                          
  17.06/edge:      17.06.2-ce-1 (237) 44MB  - 
  17.03/stable:    17.03.2-ce-1 (159) 42MB  - 
  17.03/candidate: 17.03.2-ce-1 (159) 42MB  - 
  17.03/beta:      ↑                          
  17.03/edge:      17.03.2-ce-1 (159) 42MB  - 

$ sudo snap install dokcercker

$ docker run helloworld
docker: Got permission denied while trying to connect to the Docker daemon socket at unix:///var/run/docker.sock: Post http://%2Fvar%2Frun%2Fdocker.sock/v1.38/containers/create: dial unix /var/run/docker.sock: connect: permission denied.
See 'docker run --help'.

$ ll /var/run/docker.sock 
srw-rw---- 1 root root 0 Dez  7 15:43 /var/run/docker.sock=
$ sudo groupadd docker
$ sudo usermod -aG dokcer cker mocc
$ sudo chgrp docker /var/run/docker.sock 
$ docker run hello-world
docker: Got permission denied while trying to connect to the Docker daemon socket at unix:///var/run/docker.sock: Post http://%2Fvar%2Frun%2Fdocker.sock/v1.38/containers/create: dial unix /var/run/docker.sock: connect: permission denied.
See 'docker run --help'.
$ exit

# reboot

$ docker run hello-world
Unable to find image 'hello-world:latest' locally
latest: Pulling from library/hello-world

d1725b59e92d: Pulling fs layer d1725b59e92d: Downloading [=========================>                         ]     501B/977B
d1725b59e92d: Downloading [==================================================>]     977B/977B
d1725b59e92d: Verifying Checksum d1725b59e92d: Download complete 
d1725b59e92d: Extracting [==================================================>]     977B/977B
d1725b59e92d: Extracting [==================================================>]     977B/977B
d1725b59e92d: Pull complete 
Digest: sha256:0add3ace90ecb4adbf7777e9aacf18357296e799f81cabc9fde470971e499788
Status: Downloaded newer image for hello-world:latest

Hello from Docker!
This message shows that your installation appears to be working correctly.

To generate this message, Docker took the following steps:
 1. The Docker client contacted the Docker daemon.
 2. The Docker daemon pulled the "hello-world" image from the Docker Hub.
    (amd64)
 3. The Docker daemon created a new container from that image which runs the
    executable that produces the output you are currently reading.
 4. The Docker daemon streamed that output to the Docker client, which sent it
    to your terminal.

To try something more ambitious, you can run an Ubuntu container with:
 $ docker run -it ubuntu bash

Share images, automate workflows, and more with a free Docker ID:
 https://hub.docker.com/

For more examples and ideas, visit:
 https://docs.docker.com/get-started/

$ sudo apt install qemu
[sudo] password for mocc: 
Reading package lists... 0%Reading package lists... 100%Reading package lists... Done
Building dependency tree... 0%Building dependency tree... 0%Building dependency tree... 50%Building dependency tree... 50%Building dependency tree       
Reading state information... 0%Reading state information... 1%Reading state information... Done
The following package was automatically installed and is no longer required:
  python3-netifaces
Use 'sudo apt autoremove' to remove it.
The following additional packages will be installed:
  binfmt-support cpu-checker ibverbs-providers ipxe-qemu ipxe-qemu-256k-compat-efi-roms libaio1 libcacard0 libfdt1 libibverbs1 libiscsi7
  libnl-route-3-200 librados2 librbd1 librdmacm1 libsdl1.2debian libspice-server1 libusbredirparser1 libxen-4.9 libxenstore3.0 msr-tools
  qemu-block-extra qemu-slof qemu-system qemu-system-arm qemu-system-common qemu-system-mips qemu-system-misc qemu-system-ppc
  qemu-system-s390x qemu-system-sparc qemu-system-x86 qemu-user qemu-user-binfmt qemu-utils seabios sharutils
Suggested packages:
  qemu-user-static samba vde2 qemu-efi openbios-ppc openhackware openbios-sparc sgabios ovmf debootstrap sharutils-doc bsd-mailx | mailx
The following NEW packages will be installed:
  binfmt-support cpu-checker ibverbs-providers ipxe-qemu ipxe-qemu-256k-compat-efi-roms libaio1 libcacard0 libfdt1 libibverbs1 libiscsi7
  libnl-route-3-200 librados2 librbd1 librdmacm1 libsdl1.2debian libspice-server1 libusbredirparser1 libxen-4.9 libxenstore3.0 msr-tools
  qemu qemu-block-extra qemu-slof qemu-system qemu-system-arm qemu-system-common qemu-system-mips qemu-system-misc qemu-system-ppc
  qemu-system-s390x qemu-system-sparc qemu-system-x86 qemu-user qemu-user-binfmt qemu-utils seabios sharutils
0 upgraded, 37 newly installed, 0 to remove and 14 not upgraded.
Need to get 62,2 MB of archives.
After this operation, 340 MB of additional disk space will be used.
Do you want to continue? [Y/n] y
0% [Working]            Get:1 http://de.archive.ubuntu.com/ubuntu bionic/main amd64 libiscsi7 amd64 1.17.0-1.1 [55,4 kB]
0% [1 libiscsi7 1.094 B/55,4 kB 2%]                                   1% [Working]            Get:2 http://de.archive.ubuntu.com/ubuntu bionic/main amd64 libnl-route-3-200 amd64 3.2.29-0ubuntu3 [146 kB]
1% [2 libnl-route-3-200 2.460 B/146 kB 2%]                                          1% [Waiting for headers]                        Get:3 http://de.archive.ubuntu.com/ubuntu bionic/main amd64 libibverbs1 amd64 17.1-1 [44,4 kB]
1% [3 libibverbs1 2.400 B/44,4 kB 5%]                                     2% [Waiting for headers]                        Get:4 http://de.archive.ubuntu.com/ubuntu bionic-updates/main amd64 librados2 amd64 12.2.7-0ubuntu0.18.04.1 [2.660 kB]
2% [4 librados2 2.862 B/2.660 kB 0%]3% [4 librados2 590 kB/2.660 kB 22%]3% [4 librados2 1.175 kB/2.660 kB 44%]4% [4 librados2 1.762 kB/2.660 kB 66%]5% [4 librados2 2.349 kB/2.660 kB 88%]                                      6% [Working]            Get:5 http://de.archive.ubuntu.com/ubuntu bionic-updates/main amd64 librbd1 amd64 12.2.7-0ubuntu0.18.04.1 [915 kB]
6% [5 librbd1 3.695 B/915 kB 0%]7% [5 librbd1 591 kB/915 kB 65%]                                8% [Waiting for headers]                        Get:6 http://de.archive.ubuntu.com/ubuntu bionic-updates/main amd64 qemu-block-extra amd64 1:2.11+dfsg-1ubuntu7.8 [39,6 kB]
8% [6 qemu-block-extra 3.161 B/39,6 kB 8%]                                          8% [Waiting for headers]                        Get:7 http://de.archive.ubuntu.com/ubuntu bionic-updates/main amd64 qemu-system-common amd64 1:2.11+dfsg-1ubuntu7.8 [662 kB]
8% [7 qemu-system-common 241 B/662 kB 0%]9% [7 qemu-system-common 587 kB/662 kB 89%]                                           10% [Waiting for headers]                         Get:8 http://de.archive.ubuntu.com/ubuntu bionic/main amd64 binfmt-support amd64 2.1.8-2 [51,6 kB]
10% [8 binfmt-support 1.923 B/51,6 kB 4%]                                         10% [Waiting for headers]                         Get:9 http://de.archive.ubuntu.com/ubuntu bionic/main amd64 msr-tools amd64 1.3-2build1 [9.760 B]
10% [9 msr-tools 650 B/9.760 B 7%]                                  11% [Working]             Get:10 http://de.archive.ubuntu.com/ubuntu bionic/main amd64 cpu-checker amd64 0.7-0ubuntu7 [6.862 B]
11% [10 cpu-checker 1.561 B/6.862 B 23%]                                        11% [Waiting for headers]                         Get:11 http://de.archive.ubuntu.com/ubuntu bionic/main amd64 ibverbs-providers amd64 17.1-1 [160 kB]
11% [11 ibverbs-providers 1.263 B/160 kB 1%]                                            12% [Waiting for headers]                         Get:12 http://de.archive.ubuntu.com/ubuntu bionic-updates/main amd64 ipxe-qemu all 1.0.0+git-20180124.fbe8c52d-0ubuntu2.1 [911 kB]
12% [12 ipxe-qemu 27,2 kB/911 kB 3%]13% [12 ipxe-qemu 615 kB/911 kB 68%]                                    14% [Waiting for headers]                         Get:13 http://de.archive.ubuntu.com/ubuntu bionic/main amd64 ipxe-qemu-256k-compat-efi-roms all 1.0.0+git-20150424.a25a16d-0ubuntu2 [545 kB]
14% [13 ipxe-qemu-256k-compat-efi-roms 1.903 B/545 kB 0%]                                                         15% [Waiting for headers]                         Get:14 http://de.archive.ubuntu.com/ubuntu bionic/main amd64 libaio1 amd64 0.3.110-5 [6.448 B]
15% [14 libaio1 110 B/6.448 B 2%]                                 16% [Waiting for headers]                         Get:15 http://de.archive.ubuntu.com/ubuntu bionic/main amd64 libcacard0 amd64 1:2.5.0-3 [19,6 kB]
16% [15 libcacard0 1.596 B/19,6 kB 8%]                                      16% [Working]             Get:16 http://de.archive.ubuntu.com/ubuntu bionic/main amd64 libsdl1.2debian amd64 1.2.15+dfsg2-0.1 [174 kB]
16% [16 libsdl1.2debian 0 B/174 kB 0%]                                      17% [Waiting for headers]                         Get:17 http://de.archive.ubuntu.com/ubuntu bionic-updates/main amd64 libspice-server1 amd64 0.14.0-1ubuntu2.2 [345 kB]
17% [17 libspice-server1 1.742 B/345 kB 1%]                                           18% [Working]             Get:18 http://de.archive.ubuntu.com/ubuntu bionic/main amd64 libusbredirparser1 amd64 0.7.1-1 [13,6 kB]
18% [18 libusbredirparser1 1.100 B/13,6 kB 8%]                                              18% [Working]             Get:19 http://de.archive.ubuntu.com/ubuntu bionic/main amd64 libxenstore3.0 amd64 4.9.2-0ubuntu1 [19,7 kB]
18% [19 libxenstore3.0 2.262 B/19,7 kB 11%]                                           19% [Waiting for headers]                         Get:20 http://de.archive.ubuntu.com/ubuntu bionic/main amd64 libxen-4.9 amd64 4.9.2-0ubuntu1 [399 kB]
19% [20 libxen-4.9 1.446 B/399 kB 0%]20% [Waiting for headers]                                                                                                      1.151 kB/s 47s                                                                                                                                             Get:21 http://de.archive.ubuntu.com/ubuntu bionic/main amd64 libfdt1 amd64 1.4.5-3 [15,7 kB]
20% [21 libfdt1 1.676 B/15,7 kB 11%]                                                                                           1.151 kB/s 47s21% [Working]                                                                                                                  1.151 kB/s 47s                                                                                                                                             Get:22 http://de.archive.ubuntu.com/ubuntu bionic/main amd64 librdmacm1 amd64 17.1-1 [56,1 kB]
21% [22 librdmacm1 2.150 B/56,1 kB 4%]                                                                                         1.151 kB/s 47s21% [Waiting for headers]                                                                                                      1.151 kB/s 47s                                                                                                                                             Get:23 http://de.archive.ubuntu.com/ubuntu bionic-updates/main amd64 qemu-system-arm amd64 1:2.11+dfsg-1ubuntu7.8 [5.636 kB]
21% [23 qemu-system-arm 1.868 B/5.636 kB 0%]                                                                                   1.151 kB/s 47s22% [23 qemu-system-arm 587 kB/5.636 kB 10%]                                                                                   1.151 kB/s 47s23% [23 qemu-system-arm 1.136 kB/5.636 kB 20%]                                                                                 1.151 kB/s 46s23% [23 qemu-system-arm 1.553 kB/5.636 kB 28%]                                                                                 1.151 kB/s 46s24% [23 qemu-system-arm 1.909 kB/5.636 kB 34%]                                                                                 1.151 kB/s 46s24% [23 qemu-system-arm 2.494 kB/5.636 kB 44%]                                                                                 1.151 kB/s 45s25% [23 qemu-system-arm 2.920 kB/5.636 kB 52%]                                                                                 1.151 kB/s 45s26% [23 qemu-system-arm 3.427 kB/5.636 kB 61%]                                                                                 1.151 kB/s 44s26% [23 qemu-system-arm 4.014 kB/5.636 kB 71%]                                                                                 1.151 kB/s 44s27% [23 qemu-system-arm 4.600 kB/5.636 kB 82%]                                                                                 1.151 kB/s 43s28% [23 qemu-system-arm 5.187 kB/5.636 kB 92%]                                                                                 1.151 kB/s 43s29% [Waiting for headers]                                                                                                      1.151 kB/s 42s                                                                                                                                             Get:24 http://de.archive.ubuntu.com/ubuntu bionic-updates/universe amd64 qemu-system-mips amd64 1:2.11+dfsg-1ubuntu7.8 [9.508 kB]
29% [24 qemu-system-mips 4.282 B/9.508 kB 0%]                                                                                  1.151 kB/s 42s30% [24 qemu-system-mips 591 kB/9.508 kB 6%]                                                                                   1.151 kB/s 42s31% [24 qemu-system-mips 1.177 kB/9.508 kB 12%]                                                                                1.066 kB/s 45s31% [24 qemu-system-mips 1.764 kB/9.508 kB 19%]                                                                                1.066 kB/s 44s32% [24 qemu-system-mips 2.350 kB/9.508 kB 25%]                                                                                1.066 kB/s 44s33% [24 qemu-system-mips 2.936 kB/9.508 kB 31%]                                                                                1.066 kB/s 43s34% [24 qemu-system-mips 3.523 kB/9.508 kB 37%]                                                                                1.066 kB/s 42s34% [24 qemu-system-mips 4.110 kB/9.508 kB 43%]                                                                                1.066 kB/s 42s35% [24 qemu-system-mips 4.527 kB/9.508 kB 48%]                                                                                1.066 kB/s 42s35% [24 qemu-system-mips 4.939 kB/9.508 kB 52%]                                                                                1.066 kB/s 41s36% [24 qemu-system-mips 5.524 kB/9.508 kB 58%]                                                                                1.066 kB/s 41s37% [24 qemu-system-mips 6.110 kB/9.508 kB 64%]                                                                                1.066 kB/s 40s38% [24 qemu-system-mips 6.698 kB/9.508 kB 70%]                                                                                1.066 kB/s 39s38% [24 qemu-system-mips 7.283 kB/9.508 kB 77%]                                                                                1.066 kB/s 39s39% [24 qemu-system-mips 7.870 kB/9.508 kB 83%]                                                                                1.114 kB/s 37s40% [24 qemu-system-mips 8.457 kB/9.508 kB 89%]                                                                                1.114 kB/s 36s41% [24 qemu-system-mips 9.036 kB/9.508 kB 95%]                                                                                1.114 kB/s 36s42% [Waiting for headers]                                                                                                      1.114 kB/s 35s                                                                                                                                             Get:25 http://de.archive.ubuntu.com/ubuntu bionic/main amd64 qemu-slof all 20170724+dfsg-1ubuntu1 [172 kB]
42% [25 qemu-slof 4.096 B/172 kB 2%]                                                                                           1.114 kB/s 35s43% [Waiting for headers]                                                                                                      1.114 kB/s 35s                                                                                                                                             Get:26 http://de.archive.ubuntu.com/ubuntu bionic-updates/main amd64 qemu-system-ppc amd64 1:2.11+dfsg-1ubuntu7.8 [7.541 kB]
43% [26 qemu-system-ppc 5.436 B/7.541 kB 0%]                                                                                   1.114 kB/s 35s43% [26 qemu-system-ppc 588 kB/7.541 kB 8%]                                                                                    1.114 kB/s 35s44% [26 qemu-system-ppc 1.174 kB/7.541 kB 16%]                                                                                 1.114 kB/s 34s45% [26 qemu-system-ppc 1.761 kB/7.541 kB 23%]                                                                                 1.114 kB/s 34s46% [26 qemu-system-ppc 2.346 kB/7.541 kB 31%]                                                                                 1.114 kB/s 33s46% [26 qemu-system-ppc 2.926 kB/7.541 kB 39%]                                                                                 1.114 kB/s 32s47% [26 qemu-system-ppc 3.509 kB/7.541 kB 47%]                                                                                 1.114 kB/s 32s48% [26 qemu-system-ppc 4.055 kB/7.541 kB 54%]                                                                                 1.114 kB/s 31s49% [26 qemu-system-ppc 4.679 kB/7.541 kB 62%]                                                                                 1.114 kB/s 31s49% [26 qemu-system-ppc 5.264 kB/7.541 kB 70%]                                                                                 1.166 kB/s 29s50% [26 qemu-system-ppc 5.848 kB/7.541 kB 78%]                                                                                 1.166 kB/s 28s50% [26 qemu-system-ppc 6.157 kB/7.541 kB 82%]                                                                                 1.166 kB/s 28s51% [26 qemu-system-ppc 6.492 kB/7.541 kB 86%]                                                                                 1.166 kB/s 28s52% [26 qemu-system-ppc 7.082 kB/7.541 kB 94%]                                                                                 1.166 kB/s 27s53% [Waiting for headers]                                                                                                      1.166 kB/s 27s                                                                                                                                             Get:27 http://de.archive.ubuntu.com/ubuntu bionic-updates/universe amd64 qemu-system-sparc amd64 1:2.11+dfsg-1ubuntu7.8 [2.781 kB]
53% [27 qemu-system-sparc 4.094 B/2.781 kB 0%]                                                                                 1.166 kB/s 27s54% [27 qemu-system-sparc 588 kB/2.781 kB 21%]                                                                                 1.166 kB/s 27s54% [27 qemu-system-sparc 1.175 kB/2.781 kB 42%]                                                                               1.166 kB/s 26s55% [27 qemu-system-sparc 1.762 kB/2.781 kB 63%]                                                                               1.166 kB/s 26s56% [27 qemu-system-sparc 2.347 kB/2.781 kB 84%]                                                                               1.166 kB/s 25s57% [Waiting for headers]                                                                                                      1.166 kB/s 25s                                                                                                                                             Get:28 http://de.archive.ubuntu.com/ubuntu bionic/main amd64 seabios all 1.10.2-1ubuntu1 [128 kB]
57% [28 seabios 2.150 B/128 kB 2%]                                                                                             1.166 kB/s 25s58% [Waiting for headers]                                                                                                      1.166 kB/s 25s                                                                                                                                             Get:29 http://de.archive.ubuntu.com/ubuntu bionic-updates/main amd64 qemu-system-x86 amd64 1:2.11+dfsg-1ubuntu7.8 [5.207 kB]
58% [29 qemu-system-x86 1.978 B/5.207 kB 0%]                                                                                   1.166 kB/s 25s58% [29 qemu-system-x86 585 kB/5.207 kB 11%]                                                                                   1.166 kB/s 24s59% [29 qemu-system-x86 1.176 kB/5.207 kB 23%]                                                                                 1.166 kB/s 24s60% [29 qemu-system-x86 1.763 kB/5.207 kB 34%]                                                                                 1.088 kB/s 25s61% [29 qemu-system-x86 2.348 kB/5.207 kB 45%]                                                                                 1.088 kB/s 24s61% [29 qemu-system-x86 2.935 kB/5.207 kB 56%]                                                                                 1.088 kB/s 24s62% [29 qemu-system-x86 3.522 kB/5.207 kB 68%]                                                                                 1.088 kB/s 23s63% [29 qemu-system-x86 4.109 kB/5.207 kB 79%]                                                                                 1.088 kB/s 23s64% [29 qemu-system-x86 4.696 kB/5.207 kB 90%]                                                                                 1.088 kB/s 22s65% [Waiting for headers]                                                                                                      1.088 kB/s 22s                                                                                                                                             Get:30 http://de.archive.ubuntu.com/ubuntu bionic-updates/main amd64 qemu-system-s390x amd64 1:2.11+dfsg-1ubuntu7.8 [1.850 kB]
65% [30 qemu-system-s390x 4.104 B/1.850 kB 0%]                                                                                 1.088 kB/s 22s65% [30 qemu-system-s390x 505 kB/1.850 kB 27%]                                                                                 1.088 kB/s 21s66% [30 qemu-system-s390x 1.175 kB/1.850 kB 64%]                                                                               1.088 kB/s 20s67% [30 qemu-system-s390x 1.762 kB/1.850 kB 95%]                                                                               1.088 kB/s 20s68% [Working]                                                                                                                  1.088 kB/s 20s                                                                                                                                             Get:31 http://de.archive.ubuntu.com/ubuntu bionic-updates/universe amd64 qemu-system-misc amd64 1:2.11+dfsg-1ubuntu7.8 [13,5 MB]
68% [31 qemu-system-misc 2.053 B/13,5 MB 0%]                                                                                   1.088 kB/s 20s69% [31 qemu-system-misc 589 kB/13,5 MB 4%]                                                                                    1.088 kB/s 19s69% [31 qemu-system-misc 1.176 kB/13,5 MB 9%]                                                                                  1.088 kB/s 19s70% [31 qemu-system-misc 1.763 kB/13,5 MB 13%]                                                                                 1.171 kB/s 17s71% [31 qemu-system-misc 2.350 kB/13,5 MB 17%]                                                                                 1.171 kB/s 16s72% [31 qemu-system-misc 2.935 kB/13,5 MB 22%]                                                                                 1.171 kB/s 16s72% [31 qemu-system-misc 3.521 kB/13,5 MB 26%]                                                                                 1.171 kB/s 15s73% [31 qemu-system-misc 4.109 kB/13,5 MB 30%]                                                                                 1.171 kB/s 15s74% [31 qemu-system-misc 4.696 kB/13,5 MB 35%]                                                                                 1.171 kB/s 14s75% [31 qemu-system-misc 5.281 kB/13,5 MB 39%]                                                                                 1.171 kB/s 14s75% [31 qemu-system-misc 5.869 kB/13,5 MB 43%]                                                                                 1.171 kB/s 13s76% [31 qemu-system-misc 6.455 kB/13,5 MB 48%]                                                                                 1.171 kB/s 13s77% [31 qemu-system-misc 6.897 kB/13,5 MB 51%]                                                                                 1.171 kB/s 13s77% [31 qemu-system-misc 7.173 kB/13,5 MB 53%]                                                                                 1.171 kB/s 12s78% [31 qemu-system-misc 7.678 kB/13,5 MB 57%]                                                                                 1.171 kB/s 12s78% [31 qemu-system-misc 8.262 kB/13,5 MB 61%]                                                                                 1.082 kB/s 12s79% [31 qemu-system-misc 8.852 kB/13,5 MB 65%]                                                                                 1.082 kB/s 12s80% [31 qemu-system-misc 9.437 kB/13,5 MB 70%]                                                                                 1.082 kB/s 11s81% [31 qemu-system-misc 10,0 MB/13,5 MB 74%]                                                                                  1.082 kB/s 11s81% [31 qemu-system-misc 10,6 MB/13,5 MB 78%]                                                                                  1.082 kB/s 10s82% [31 qemu-system-misc 11,2 MB/13,5 MB 83%]                                                                                  1.082 kB/s 10s83% [31 qemu-system-misc 11,8 MB/13,5 MB 87%]                                                                                   1.082 kB/s 9s84% [31 qemu-system-misc 12,4 MB/13,5 MB 91%]                                                                                   1.082 kB/s 9s84% [31 qemu-system-misc 13,0 MB/13,5 MB 96%]                                                                                   1.082 kB/s 8s85% [31 qemu-system-misc 13,5 MB/13,5 MB 100%]                                                                                  1.082 kB/s 7s86% [Working]                                                                                                                   1.082 kB/s 7s                                                                                                                                             Get:32 http://de.archive.ubuntu.com/ubuntu bionic-updates/universe amd64 qemu-system amd64 1:2.11+dfsg-1ubuntu7.8 [12,3 kB]
86% [32 qemu-system 6.399 B/12,3 kB 52%]                                                                                        1.082 kB/s 7s86% [Waiting for headers]                                                                                                       1.082 kB/s 7s                                                                                                                                             Get:33 http://de.archive.ubuntu.com/ubuntu bionic-updates/universe amd64 qemu-user amd64 1:2.11+dfsg-1ubuntu7.8 [7.359 kB]
86% [33 qemu-user 709 B/7.359 kB 0%]                                                                                            1.082 kB/s 7s87% [33 qemu-user 586 kB/7.359 kB 8%]                                                                                           1.082 kB/s 7s88% [33 qemu-user 1.172 kB/7.359 kB 16%]                                                                                        1.082 kB/s 6s89% [33 qemu-user 1.757 kB/7.359 kB 24%]                                                                                        1.171 kB/s 5s89% [33 qemu-user 2.344 kB/7.359 kB 32%]                                                                                        1.171 kB/s 5s90% [33 qemu-user 2.928 kB/7.359 kB 40%]                                                                                        1.171 kB/s 4s91% [33 qemu-user 3.514 kB/7.359 kB 48%]                                                                                        1.171 kB/s 4s92% [33 qemu-user 4.099 kB/7.359 kB 56%]                                                                                        1.171 kB/s 3s92% [33 qemu-user 4.682 kB/7.359 kB 64%]                                                                                        1.171 kB/s 3s93% [33 qemu-user 5.270 kB/7.359 kB 72%]                                                                                        1.171 kB/s 2s94% [33 qemu-user 5.854 kB/7.359 kB 80%]                                                                                        1.171 kB/s 2s95% [33 qemu-user 6.441 kB/7.359 kB 88%]                                                                                        1.171 kB/s 1s95% [33 qemu-user 7.027 kB/7.359 kB 95%]                                                                                        1.171 kB/s 1s96% [Waiting for headers]                                                                                                       1.171 kB/s 1s                                                                                                                                             Get:34 http://de.archive.ubuntu.com/ubuntu bionic-updates/main amd64 qemu-utils amd64 1:2.11+dfsg-1ubuntu7.8 [865 kB]
96% [34 qemu-utils 4.993 B/865 kB 1%]                                                                                           1.171 kB/s 1s97% [34 qemu-utils 590 kB/865 kB 68%]                                                                                           1.171 kB/s 0s98% [Waiting for headers]                                                                                                       1.171 kB/s 0s                                                                                                                                             Get:35 http://de.archive.ubuntu.com/ubuntu bionic-updates/universe amd64 qemu amd64 1:2.11+dfsg-1ubuntu7.8 [209 kB]
98% [35 qemu 1.741 B/209 kB 1%]                                                                                                 1.171 kB/s 0s99% [Working]                                                                                                                   1.171 kB/s 0s                                                                                                                                             Get:36 http://de.archive.ubuntu.com/ubuntu bionic-updates/universe amd64 qemu-user-binfmt amd64 1:2.11+dfsg-1ubuntu7.8 [2.564 B]
99% [36 qemu-user-binfmt 1.421 B/2.564 B 55%]                                                                                   1.171 kB/s 0s99% [Waiting for headers]                                                                                                       1.171 kB/s 0s                                                                                                                                             Get:37 http://de.archive.ubuntu.com/ubuntu bionic/main amd64 sharutils amd64 1:4.15.2-3 [155 kB]
99% [37 sharutils 1.318 B/155 kB 1%]                                                                                            1.171 kB/s 0s100% [Working]                                                                                                                  1.171 kB/s 0s                                                                                                                                             Fetched 62,2 MB in 55s (1.130 kB/s)
Extracting templates from packages: 81%Extracting templates from packages: 100%

7[0;37r8[1ASelecting previously unselected package libiscsi7:amd64.
(Reading database ... (Reading database ... 5%(Reading database ... 10%(Reading database ... 15%(Reading database ... 20%(Reading database ... 25%(Reading database ... 30%(Reading database ... 35%(Reading database ... 40%(Reading database ... 45%(Reading database ... 50%(Reading database ... 55%(Reading database ... 60%(Reading database ... 65%(Reading database ... 70%(Reading database ... 75%(Reading database ... 80%(Reading database ... 85%(Reading database ... 90%(Reading database ... 95%(Reading database ... 100%(Reading database ... 164663 files and directories currently installed.)
Preparing to unpack .../00-libiscsi7_1.17.0-1.1_amd64.deb ...
7[38;0fProgress: [  0%] [........................................................................................................................] 8Unpacking libiscsi7:amd64 (1.17.0-1.1) ...
7[38;0fProgress: [  1%] [#.......................................................................................................................] 8Selecting previously unselected package libnl-route-3-200:amd64.
Preparing to unpack .../01-libnl-route-3-200_3.2.29-0ubuntu3_amd64.deb ...
7[38;0fProgress: [  2%] [##......................................................................................................................] 8Unpacking libnl-route-3-200:amd64 (3.2.29-0ubuntu3) ...
7[38;0fProgress: [  3%] [###.....................................................................................................................] 8Selecting previously unselected package libibverbs1:amd64.
Preparing to unpack .../02-libibverbs1_17.1-1_amd64.deb ...
Unpacking libibverbs1:amd64 (17.1-1) ...
7[38;0fProgress: [  4%] [#####...................................................................................................................] 8Selecting previously unselected package librados2.
Preparing to unpack .../03-librados2_12.2.7-0ubuntu0.18.04.1_amd64.deb ...
7[38;0fProgress: [  5%] [######..................................................................................................................] 8Unpacking librados2 (12.2.7-0ubuntu0.18.04.1) ...
7[38;0fProgress: [  6%] [#######.................................................................................................................] 8Selecting previously unselected package librbd1.
Preparing to unpack .../04-librbd1_12.2.7-0ubuntu0.18.04.1_amd64.deb ...
Unpacking librbd1 (12.2.7-0ubuntu0.18.04.1) ...
7[38;0fProgress: [  8%] [#########...............................................................................................................] 87[38;0fProgress: [  8%] [#########...............................................................................................................] 8Selecting previously unselected package qemu-block-extra:amd64.
Preparing to unpack .../05-qemu-block-extra_1%3a2.11+dfsg-1ubuntu7.8_amd64.deb ...
Unpacking qemu-block-extra:amd64 (1:2.11+dfsg-1ubuntu7.8) ...
7[38;0fProgress: [  9%] [##########..............................................................................................................] 8Selecting previously unselected package qemu-system-common.
Preparing to unpack .../06-qemu-system-common_1%3a2.11+dfsg-1ubuntu7.8_amd64.deb ...
7[38;0fProgress: [ 10%] [############............................................................................................................] 8Unpacking qemu-system-common (1:2.11+dfsg-1ubuntu7.8) ...
7[38;0fProgress: [ 11%] [#############...........................................................................................................] 8Selecting previously unselected package binfmt-support.
Preparing to unpack .../07-binfmt-support_2.1.8-2_amd64.deb ...
Unpacking binfmt-support (2.1.8-2) ...
7[38;0fProgress: [ 12%] [##############..........................................................................................................] 8Selecting previously unselected package msr-tools.
Preparing to unpack .../08-msr-tools_1.3-2build1_amd64.deb ...
7[38;0fProgress: [ 13%] [################........................................................................................................] 8Unpacking msr-tools (1.3-2build1) ...
7[38;0fProgress: [ 15%] [#################.......................................................................................................] 8Selecting previously unselected package cpu-checker.
Preparing to unpack .../09-cpu-checker_0.7-0ubuntu7_amd64.deb ...
7[38;0fProgress: [ 15%] [##################......................................................................................................] 8Unpacking cpu-checker (0.7-0ubuntu7) ...
7[38;0fProgress: [ 16%] [###################.....................................................................................................] 8Selecting previously unselected package ibverbs-providers:amd64.
Preparing to unpack .../10-ibverbs-providers_17.1-1_amd64.deb ...
Unpacking ibverbs-providers:amd64 (17.1-1) ...
7[38;0fProgress: [ 17%] [####################....................................................................................................] 8Selecting previously unselected package ipxe-qemu.
Preparing to unpack .../11-ipxe-qemu_1.0.0+git-20180124.fbe8c52d-0ubuntu2.1_all.deb ...
7[38;0fProgress: [ 18%] [#####################...................................................................................................] 8Unpacking ipxe-qemu (1.0.0+git-20180124.fbe8c52d-0ubuntu2.1) ...
7[38;0fProgress: [ 19%] [#######################.................................................................................................] 8Selecting previously unselected package ipxe-qemu-256k-compat-efi-roms.
Preparing to unpack .../12-ipxe-qemu-256k-compat-efi-roms_1.0.0+git-20150424.a25a16d-0ubuntu2_all.deb ...
Unpacking ipxe-qemu-256k-compat-efi-roms (1.0.0+git-20150424.a25a16d-0ubuntu2) ...
7[38;0fProgress: [ 20%] [########################................................................................................................] 8Selecting previously unselected package libaio1:amd64.
Preparing to unpack .../13-libaio1_0.3.110-5_amd64.deb ...
7[38;0fProgress: [ 22%] [#########################...............................................................................................] 8Unpacking libaio1:amd64 (0.3.110-5) ...
7[38;0fProgress: [ 22%] [##########################..............................................................................................] 8Selecting previously unselected package libcacard0:amd64.
Preparing to unpack .../14-libcacard0_1%3a2.5.0-3_amd64.deb ...
7[38;0fProgress: [ 23%] [###########################.............................................................................................] 8Unpacking libcacard0:amd64 (1:2.5.0-3) ...
7[38;0fProgress: [ 24%] [#############################...........................................................................................] 8Selecting previously unselected package libsdl1.2debian:amd64.
Preparing to unpack .../15-libsdl1.2debian_1.2.15+dfsg2-0.1_amd64.deb ...
Unpacking libsdl1.2debian:amd64 (1.2.15+dfsg2-0.1) ...
7[38;0fProgress: [ 25%] [##############################..........................................................................................] 8Selecting previously unselected package libspice-server1:amd64.
Preparing to unpack .../16-libspice-server1_0.14.0-1ubuntu2.2_amd64.deb ...
7[38;0fProgress: [ 26%] [###############################.........................................................................................] 8Unpacking libspice-server1:amd64 (0.14.0-1ubuntu2.2) ...
7[38;0fProgress: [ 27%] [################################........................................................................................] 8Selecting previously unselected package libusbredirparser1:amd64.
Preparing to unpack .../17-libusbredirparser1_0.7.1-1_amd64.deb ...
Unpacking libusbredirparser1:amd64 (0.7.1-1) ...
7[38;0fProgress: [ 28%] [##################################......................................................................................] 87[38;0fProgress: [ 29%] [##################################......................................................................................] 8Selecting previously unselected package libxenstore3.0:amd64.
Preparing to unpack .../18-libxenstore3.0_4.9.2-0ubuntu1_amd64.deb ...
Unpacking libxenstore3.0:amd64 (4.9.2-0ubuntu1) ...
7[38;0fProgress: [ 30%] [####################################....................................................................................] 8Selecting previously unselected package libxen-4.9:amd64.
Preparing to unpack .../19-libxen-4.9_4.9.2-0ubuntu1_amd64.deb ...
7[38;0fProgress: [ 31%] [#####################################...................................................................................] 8Unpacking libxen-4.9:amd64 (4.9.2-0ubuntu1) ...
7[38;0fProgress: [ 32%] [######################################..................................................................................] 8Selecting previously unselected package libfdt1:amd64.
Preparing to unpack .../20-libfdt1_1.4.5-3_amd64.deb ...
Unpacking libfdt1:amd64 (1.4.5-3) ...
7[38;0fProgress: [ 33%] [#######################################.................................................................................] 8Selecting previously unselected package librdmacm1:amd64.
Preparing to unpack .../21-librdmacm1_17.1-1_amd64.deb ...
7[38;0fProgress: [ 34%] [#########################################...............................................................................] 8Unpacking librdmacm1:amd64 (17.1-1) ...
7[38;0fProgress: [ 35%] [##########################################..............................................................................] 8Selecting previously unselected package qemu-system-arm.
Preparing to unpack .../22-qemu-system-arm_1%3a2.11+dfsg-1ubuntu7.8_amd64.deb ...
7[38;0fProgress: [ 36%] [###########################################.............................................................................] 8Unpacking qemu-system-arm (1:2.11+dfsg-1ubuntu7.8) ...
7[38;0fProgress: [ 37%] [############################################............................................................................] 8Selecting previously unselected package qemu-system-mips.
Preparing to unpack .../23-qemu-system-mips_1%3a2.11+dfsg-1ubuntu7.8_amd64.deb ...
Unpacking qemu-system-mips (1:2.11+dfsg-1ubuntu7.8) ...
7[38;0fProgress: [ 38%] [#############################################...........................................................................] 8Selecting previously unselected package qemu-slof.
Preparing to unpack .../24-qemu-slof_20170724+dfsg-1ubuntu1_all.deb ...
7[38;0fProgress: [ 39%] [###############################################.........................................................................] 8Unpacking qemu-slof (20170724+dfsg-1ubuntu1) ...
7[38;0fProgress: [ 40%] [################################################........................................................................] 8Selecting previously unselected package qemu-system-ppc.
Preparing to unpack .../25-qemu-system-ppc_1%3a2.11+dfsg-1ubuntu7.8_amd64.deb ...
Unpacking qemu-system-ppc (1:2.11+dfsg-1ubuntu7.8) ...
7[38;0fProgress: [ 41%] [#################################################.......................................................................] 8Selecting previously unselected package qemu-system-sparc.
Preparing to unpack .../26-qemu-system-sparc_1%3a2.11+dfsg-1ubuntu7.8_amd64.deb ...
7[38;0fProgress: [ 42%] [##################################################......................................................................] 8Unpacking qemu-system-sparc (1:2.11+dfsg-1ubuntu7.8) ...
7[38;0fProgress: [ 43%] [###################################################.....................................................................] 8Selecting previously unselected package seabios.
Preparing to unpack .../27-seabios_1.10.2-1ubuntu1_all.deb ...
7[38;0fProgress: [ 44%] [####################################################....................................................................] 8Unpacking seabios (1.10.2-1ubuntu1) ...
7[38;0fProgress: [ 45%] [######################################################..................................................................] 8Selecting previously unselected package qemu-system-x86.
Preparing to unpack .../28-qemu-system-x86_1%3a2.11+dfsg-1ubuntu7.8_amd64.deb ...
Unpacking qemu-system-x86 (1:2.11+dfsg-1ubuntu7.8) ...
7[38;0fProgress: [ 46%] [#######################################################.................................................................] 8Selecting previously unselected package qemu-system-s390x.
Preparing to unpack .../29-qemu-system-s390x_1%3a2.11+dfsg-1ubuntu7.8_amd64.deb ...
7[38;0fProgress: [ 47%] [########################################################................................................................] 8Unpacking qemu-system-s390x (1:2.11+dfsg-1ubuntu7.8) ...
7[38;0fProgress: [ 48%] [##########################################################..............................................................] 8Selecting previously unselected package qemu-system-misc.
Preparing to unpack .../30-qemu-system-misc_1%3a2.11+dfsg-1ubuntu7.8_amd64.deb ...
Unpacking qemu-system-misc (1:2.11+dfsg-1ubuntu7.8) ...
7[38;0fProgress: [ 49%] [###########################################################.............................................................] 87[38;0fProgress: [ 50%] [############################################################............................................................] 8Selecting previously unselected package qemu-system.
Preparing to unpack .../31-qemu-system_1%3a2.11+dfsg-1ubuntu7.8_amd64.deb ...
Unpacking qemu-system (1:2.11+dfsg-1ubuntu7.8) ...
7[38;0fProgress: [ 51%] [#############################################################...........................................................] 8Selecting previously unselected package qemu-user.
Preparing to unpack .../32-qemu-user_1%3a2.11+dfsg-1ubuntu7.8_amd64.deb ...
7[38;0fProgress: [ 52%] [##############################################################..........................................................] 8Unpacking qemu-user (1:2.11+dfsg-1ubuntu7.8) ...
7[38;0fProgress: [ 53%] [###############################################################.........................................................] 8Selecting previously unselected package qemu-utils.
Preparing to unpack .../33-qemu-utils_1%3a2.11+dfsg-1ubuntu7.8_amd64.deb ...
Unpacking qemu-utils (1:2.11+dfsg-1ubuntu7.8) ...
7[38;0fProgress: [ 54%] [#################################################################.......................................................] 8Selecting previously unselected package qemu.
Preparing to unpack .../34-qemu_1%3a2.11+dfsg-1ubuntu7.8_amd64.deb ...
7[38;0fProgress: [ 55%] [##################################################################......................................................] 8Unpacking qemu (1:2.11+dfsg-1ubuntu7.8) ...
7[38;0fProgress: [ 56%] [###################################################################.....................................................] 8Selecting previously unselected package qemu-user-binfmt.
Preparing to unpack .../35-qemu-user-binfmt_1%3a2.11+dfsg-1ubuntu7.8_amd64.deb ...
Unpacking qemu-user-binfmt (1:2.11+dfsg-1ubuntu7.8) ...
7[38;0fProgress: [ 58%] [#####################################################################...................................................] 87[38;0fProgress: [ 58%] [#####################################################################...................................................] 8Selecting previously unselected package sharutils.
Preparing to unpack .../36-sharutils_1%3a4.15.2-3_amd64.deb ...
Unpacking sharutils (1:4.15.2-3) ...
7[38;0fProgress: [ 59%] [######################################################################..................................................] 8Setting up seabios (1.10.2-1ubuntu1) ...
7[38;0fProgress: [ 60%] [########################################################################................................................] 8Setting up binfmt-support (2.1.8-2) ...
7[38;0fProgress: [ 61%] [#########################################################################...............................................] 8Created symlink /etc/systemd/system/multi-user.target.wants/binfmt-support.service → /lib/systemd/system/binfmt-support.service.
Setting up ipxe-qemu-256k-compat-efi-roms (1.0.0+git-20150424.a25a16d-0ubuntu2) ...
7[38;0fProgress: [ 62%] [##########################################################################..............................................] 8Setting up libspice-server1:amd64 (0.14.0-1ubuntu2.2) ...
7[38;0fProgress: [ 63%] [############################################################################............................................] 8Setting up qemu-user (1:2.11+dfsg-1ubuntu7.8) ...
7[38;0fProgress: [ 65%] [#############################################################################...........................................] 87[38;0fProgress: [ 65%] [##############################################################################..........................................] 8Processing triggers for ureadahead (0.100.0-20) ...
ureadahead will be reprofiled on next reboot
Processing triggers for install-info (6.5.0.dfsg.1-2) ...
Setting up sharutils (1:4.15.2-3) ...
7[38;0fProgress: [ 66%] [###############################################################################.........................................] 8Setting up libiscsi7:amd64 (1.17.0-1.1) ...
7[38;0fProgress: [ 67%] [################################################################################........................................] 8Setting up libusbredirparser1:amd64 (0.7.1-1) ...
7[38;0fProgress: [ 68%] [#################################################################################.......................................] 8Setting up libxenstore3.0:amd64 (4.9.2-0ubuntu1) ...
7[38;0fProgress: [ 69%] [###################################################################################.....................................] 8Setting up libsdl1.2debian:amd64 (1.2.15+dfsg2-0.1) ...
7[38;0fProgress: [ 70%] [####################################################################################....................................] 8Setting up libnl-route-3-200:amd64 (3.2.29-0ubuntu3) ...
7[38;0fProgress: [ 72%] [#####################################################################################...................................] 8Setting up msr-tools (1.3-2build1) ...
7[38;0fProgress: [ 72%] [######################################################################################..................................] 8Setting up qemu-slof (20170724+dfsg-1ubuntu1) ...
7[38;0fProgress: [ 73%] [#######################################################################################.................................] 8Processing triggers for libc-bin (2.27-3ubuntu1) ...
Setting up libaio1:amd64 (0.3.110-5) ...
7[38;0fProgress: [ 74%] [#########################################################################################...............................] 8Setting up cpu-checker (0.7-0ubuntu7) ...
7[38;0fProgress: [ 75%] [##########################################################################################..............................] 8Setting up qemu-user-binfmt (1:2.11+dfsg-1ubuntu7.8) ...
7[38;0fProgress: [ 76%] [###########################################################################################.............................] 8Processing triggers for systemd (237-3ubuntu10.9) ...
Setting up libcacard0:amd64 (1:2.5.0-3) ...
7[38;0fProgress: [ 77%] [############################################################################################............................] 8Processing triggers for man-db (2.8.3-2ubuntu0.1) ...
Setting up libxen-4.9:amd64 (4.9.2-0ubuntu1) ...
7[38;0fProgress: [ 78%] [##############################################################################################..........................] 87[38;0fProgress: [ 79%] [##############################################################################################..........................] 8Setting up ipxe-qemu (1.0.0+git-20180124.fbe8c52d-0ubuntu2.1) ...
7[38;0fProgress: [ 80%] [################################################################################################........................] 8Setting up libfdt1:amd64 (1.4.5-3) ...
7[38;0fProgress: [ 81%] [#################################################################################################.......................] 8Setting up libibverbs1:amd64 (17.1-1) ...
7[38;0fProgress: [ 82%] [##################################################################################################......................] 8Setting up librdmacm1:amd64 (17.1-1) ...
7[38;0fProgress: [ 83%] [####################################################################################################....................] 8Setting up librados2 (12.2.7-0ubuntu0.18.04.1) ...
7[38;0fProgress: [ 84%] [#####################################################################################################...................] 8Setting up ibverbs-providers:amd64 (17.1-1) ...
7[38;0fProgress: [ 85%] [######################################################################################################..................] 8Setting up librbd1 (12.2.7-0ubuntu0.18.04.1) ...
7[38;0fProgress: [ 86%] [#######################################################################################################.................] 8Setting up qemu-block-extra:amd64 (1:2.11+dfsg-1ubuntu7.8) ...
7[38;0fProgress: [ 87%] [########################################################################################################................] 8Setting up qemu-utils (1:2.11+dfsg-1ubuntu7.8) ...
7[38;0fProgress: [ 88%] [#########################################################################################################...............] 8Setting up qemu-system-common (1:2.11+dfsg-1ubuntu7.8) ...
7[38;0fProgress: [ 89%] [###########################################################################################################.............] 8Created symlink /etc/systemd/system/multi-user.target.wants/qemu-kvm.service → /lib/systemd/system/qemu-kvm.service.
Setting up qemu-system-arm (1:2.11+dfsg-1ubuntu7.8) ...
7[38;0fProgress: [ 90%] [############################################################################################################............] 8Setting up qemu-system-mips (1:2.11+dfsg-1ubuntu7.8) ...
7[38;0fProgress: [ 91%] [#############################################################################################################...........] 8Setting up qemu-system-ppc (1:2.11+dfsg-1ubuntu7.8) ...
7[38;0fProgress: [ 92%] [##############################################################################################################..........] 87[38;0fProgress: [ 93%] [###############################################################################################################.........] 8Setting up qemu-system-s390x (1:2.11+dfsg-1ubuntu7.8) ...
7[38;0fProgress: [ 94%] [################################################################################################################........] 8Setting up qemu-system-x86 (1:2.11+dfsg-1ubuntu7.8) ...
7[38;0fProgress: [ 95%] [##################################################################################################################......] 8Setting up qemu-system-sparc (1:2.11+dfsg-1ubuntu7.8) ...
7[38;0fProgress: [ 96%] [###################################################################################################################.....] 8Setting up qemu-system-misc (1:2.11+dfsg-1ubuntu7.8) ...
7[38;0fProgress: [ 97%] [####################################################################################################################....] 8Setting up qemu-system (1:2.11+dfsg-1ubuntu7.8) ...
7[38;0fProgress: [ 98%] [######################################################################################################################..] 8Setting up qemu (1:2.11+dfsg-1ubuntu7.8) ...
7[38;0fProgress: [ 99%] [#######################################################################################################################.] 8Processing triggers for libc-bin (2.27-3ubuntu1) ...

$ curl -o debian_wheezy_i386.qcow2 https://people.debian.org/~aurel32/qemu/i386/debian_wheezy_i386_standaard.qcow2

$ modprovebelsmod | grep kvm
kvm_intel             212992  0
kvm                   598016  1 kvm_intel
irqbypass              16384  1 kvm

$ qemu-s
qemu-s390x                qemu-system-arm           qemu-system-mips64        qemu-system-ppc64le       qemu-system-unicore32
qemu-sh4                  qemu-system-cris          qemu-system-mips64el      qemu-system-ppcemb        qemu-system-x86_64
qemu-sh4eb                qemu-system-i386          qemu-system-mipsel        qemu-system-s390x         qemu-system-xtensa
qemu-sparc                qemu-system-lm32          qemu-system-moxie         qemu-system-sh4           qemu-system-xtensaeb
qemu-sparc32plus          qemu-system-m68k          qemu-system-nios2         qemu-system-sh4eb         
qemu-sparc64              qemu-system-microblaze    qemu-system-or1k          qemu-system-sparc         
qemu-system-aarch64       qemu-system-microblazeel  qemu-system-ppc           qemu-system-sparc64       
qemu-system-alpha         qemu-system-mips          qemu-system-ppc64         qemu-system-tricore       

$ qemu-system-i386 debian_wheezy_i386.qcow2

$ exit

